// Something here

namespace Projbook.Tests.Resources.SourcesA
{
    public class AnyClass
    {
        // Something here

        // Something here
    }
}