public event Action Event
{
    add
    {
        // Add content
    }
    remove
    {
        // Remove content
    }
}