protected bool Foo(string foo)
{
    return true;
}

protected bool Foo(string foo, int bar)
{
    return false;
}