protected bool Foo(string foo)
{
    return true;
}