protected bool Foo(string foo, int bar)
{
    return false;
}