class C<T, U>
{
    void CMethod<X, Y>(X x, Y y)
    {
    }
}