public int this[string s, int i]
{
    get
    {
        return 51;
    }
    set
    {
        string bar = "bar";
    }
}