// Some comments here

using System;

namespace Projbook.Tests.Resources.SourcesA
{
    public class NeedCleanup
    {
        // Following is an empty line

        // That has to be kept without preventing the indent fix
    }
}

// Some more fucky lines after