public class NeedCleanup
{
    // Following is an empty line

    // That has to be kept without preventing the indent fix
}