namespace NS2
{
    namespace NS2.NS3
    {
        class A
        {
            // In NS2.NS2.NS3
        }

        class B
        {
            B(int foo)
            {
            }

            ~B()
            {
            }
        }

        class C<T, U>
        {
            void CMethod<X, Y>(X x, Y y)
            {
            }
        }

        class D
        {
            public int this[string s, int i]
            {
                get
                {
                    return 51;
                }
                set
                {
                    string bar = "bar";
                }
            }
        }
    }
}