namespace NS2.NS3
{
    class A
    {
        // In NS.NS2.NS3
    }
}