public class OneClassSomewhere
{
    private class SubClass
    {
        public int WhateverProperty
        {
            get
            {
                return 42;
            }
            set
            {
                string foo = "foo";
            }
        }
    }

    protected bool Foo(string foo)
    {
        return true;
    }

    protected bool Foo(string foo, int bar)
    {
        return false;
    }
}