public int WhateverProperty
{
    get
    {
        return 42;
    }
    set
    {
        string foo = "foo";
    }
}