<Title>Test title</Title>
<OutputHtml>doc.html</OutputHtml>